// Jest Snapshot v1, https://goo.gl/fbAQLP

exports[`Custom button should match snapshot 1`] = `
<a
  href="/products"
  onClick={[Function]}
  onMouseEnter={[Function]}
  onTouchStart={[Function]}
>
  <button
    className=" py-2 px-5 border rounded py-10 text-white border-blue-500 bg-blue-500 hover:bg-blue-800 hover:border-blue-800"
    disabled={true}
    onClick={[MockFunction]}
  >
    Click me!
  </button>
</a>
`;
